[     436ms] [LOG] [PostHog.js] set_config {config: Object, oldConfig: Object, newConfig: Object} @ http://localhost:3000/_next/static/chunks/node_modules_posthog-js_dist_module_0p1-w_7.js:1300
[     439ms] [LOG] [PostHog.js] Persistence loaded localStorage+cookie {} @ http://localhost:3000/_next/static/chunks/node_modules_posthog-js_dist_module_0p1-w_7.js:1300
[     439ms] [LOG] [PostHog.js] Persistence loaded sessionStorage {} @ http://localhost:3000/_next/static/chunks/node_modules_posthog-js_dist_module_0p1-w_7.js:1300
[     442ms] [LOG] [PostHog.js] Initializing extensions synchronously @ http://localhost:3000/_next/static/chunks/node_modules_posthog-js_dist_module_0p1-w_7.js:1300
[     442ms] [LOG] [PostHog.js] [ExceptionAutocapture] enabled @ http://localhost:3000/_next/static/chunks/node_modules_posthog-js_dist_module_0p1-w_7.js:1300
[     444ms] [LOG] [PostHog.js] History API monitoring enabled, starting... @ http://localhost:3000/_next/static/chunks/node_modules_posthog-js_dist_module_0p1-w_7.js:1300
[     445ms] [LOG] [PostHog.js] Starting in debug mode {this: pa, config: Object, thisC: Object, p: Object, s: Object} @ http://localhost:3000/_next/static/chunks/node_modules_posthog-js_dist_module_0p1-w_7.js:1300
[     447ms] [LOG] [Client Instrumentation Hook] Slow execution detected: 25ms (Note: Code download overhead is not included in this measurement) @ http://localhost:3000/_next/static/chunks/node_modules_next_dist_115brz8._.js:1644
[     469ms] [INFO] %cDownload the React DevTools for a better development experience: https://react.dev/link/react-devtools font-weight:bold @ http://localhost:3000/_next/static/chunks/node_modules_next_dist_115brz8._.js:2436
[     581ms] [LOG] [HMR] connected @ http://localhost:3000/_next/static/chunks/node_modules_next_dist_115brz8._.js:2436
[     725ms] [LOG] [Fast Refresh] rebuilding @ http://localhost:3000/_next/static/chunks/node_modules_next_dist_115brz8._.js:2436
[     764ms] [LOG] [Fast Refresh] done in 152ms @ http://localhost:3000/_next/static/chunks/node_modules_next_dist_115brz8._.js:2436
[     813ms] [LOG] %c[Vercel Web Analytics]%c Debug mode is enabled by default in development. No requests will be sent to the server. color: rgb(120, 120, 120) color: inherit @ http://localhost:3000/_next/static/chunks/node_modules_next_dist_115brz8._.js:2436
[     814ms] [LOG] %c[Vercel Web Analytics]%c [view] http://localhost:3000/ color: rgb(120, 120, 120) color: inherit {o: http://localhost:3000/, sv: 0.1.3, sdkn: @vercel/analytics/react, sdkv: 2.0.1, ts: 1787592875668} /_vercel/insights/view @ http://localhost:3000/_next/static/chunks/node_modules_next_dist_115brz8._.js:2436
[    1058ms] [LOG] %c[Vercel Speed Insights]%c Debug mode is enabled by default in development. No requests will be sent to the server. color: rgb(120, 120, 120) color: inherit @ http://localhost:3000/_next/static/chunks/node_modules_next_dist_115brz8._.js:2436
[    1227ms] [LOG] [PostHog.js] Persistence loaded sessionStorage {$sdk_debug_extensions_init_method: synchronous, $sdk_debug_extensions_init_time_ms: 2} @ http://localhost:3000/_next/static/chunks/node_modules_next_dist_115brz8._.js:2436
[    1228ms] [LOG] [PostHog.js] set_config {config: Object, oldConfig: Object, newConfig: Object} @ http://localhost:3000/_next/static/chunks/node_modules_next_dist_115brz8._.js:2436
[    1228ms] [LOG] [PostHog.js] [ExceptionAutocapture] enabled @ http://localhost:3000/_next/static/chunks/node_modules_next_dist_115brz8._.js:2436
[    1229ms] [LOG] [PostHog.js] [Surveys] flags response received, isSurveysEnabled: false @ http://localhost:3000/_next/static/chunks/node_modules_next_dist_115brz8._.js:2436
[    1230ms] [LOG] [PostHog.js] [ExceptionAutocapture] enabled @ http://localhost:3000/_next/static/chunks/node_modules_next_dist_115brz8._.js:2436
[    2922ms] [LOG] [PostHog.js] [Surveys] Surveys loaded successfully @ http://localhost:3000/_next/static/chunks/node_modules_next_dist_115brz8._.js:2436
[    2936ms] [LOG] [PostHog.js] [WebExperiments] Refusing to render web experiment since the viewer is a likely bot [] @ http://localhost:3000/_next/static/chunks/node_modules_next_dist_115brz8._.js:2436
[    3028ms] [LOG] [Fast Refresh] rebuilding @ http://localhost:3000/_next/static/chunks/node_modules_next_dist_115brz8._.js:2436
[    3102ms] [LOG] [Fast Refresh] done in 190ms @ http://localhost:3000/_next/static/chunks/node_modules_next_dist_115brz8._.js:2436
[   71127ms] [LOG] [Fast Refresh] rebuilding @ http://localhost:3000/_next/static/chunks/node_modules_next_dist_115brz8._.js:2436
[   71505ms] [LOG] [Fast Refresh] done in 478ms @ http://localhost:3000/_next/static/chunks/node_modules_next_dist_115brz8._.js:2436
[   73031ms] [LOG] [Fast Refresh] rebuilding @ http://localhost:3000/_next/static/chunks/node_modules_next_dist_115brz8._.js:2436
[   73244ms] [LOG] [Fast Refresh] done in 313ms @ http://localhost:3000/_next/static/chunks/node_modules_next_dist_115brz8._.js:2436
[   96423ms] [LOG] [Fast Refresh] rebuilding @ http://localhost:3000/_next/static/chunks/node_modules_next_dist_115brz8._.js:2436
[   96477ms] [LOG] [Fast Refresh] done in 156ms @ http://localhost:3000/_next/static/chunks/node_modules_next_dist_115brz8._.js:2436
